---
source: crates/core/tests/golden_text.rs
expression: table
---
"一人" -> "一人(ひとり)"
"二人で行きます" -> "二人(ふたり)で行(い)きます"
"三人募集" -> "三(さん)人(にん)募集(ぼしゅう)"
"十二人" -> "十(じゅう)二(に)人(にん)"
"一人前" -> "一(いち)人前(にんまえ)"
"響奏の力" -> "響(きょう)奏(そう)の力(ちから)"
"巨塔M6" -> "巨(きょ)塔(とう)M6"
"今日はパーティー募集します" -> "今日(きょう)はパーティー募集(ぼしゅう)します"
"明日22時から深淵行く人いますか" -> "明日(あした)22時(じ)から深淵(しんえん)行(い)く人(ひと)いますか"
"お疲れ様です、周回手伝ってください" -> "お疲(つか)れ様(さま)です、周回(しゅうかい)手伝(てつだ)ってください"
"@abc 募集 [스티커] 大人気の剣士" -> "@abc 募集(ぼしゅう) [스티커] 大人気(だいにんき)の剣士(けんし)"
"ありがとう!" -> "ありがとう!"
"" -> ""
